  Determining projects to restore...
  All projects are up-to-date for restore.
  Contracts -> C:\Github\WWI_ModularKit\src\Modules\Sales\Contracts\bin\Debug\net9.0\Contracts.dll
  BuildingBlocks -> C:\Github\WWI_ModularKit\src\BuildingBlocks\bin\Debug\net9.0\BuildingBlocks.dll
  Sales -> C:\Github\WWI_ModularKit\src\Modules\Sales\bin\Debug\net9.0\Sales.dll
C:\Program Files\dotnet\sdk\10.0.103\Microsoft.Common.CurrentVersion.targets(5080,5): warning MSB3026: Could not copy "C:\Github\WWI_ModularKit\src\BuildingBlocks\bin\Debug\net9.0\BuildingBlocks.dll" to "bin\Debug\net9.0\BuildingBlocks.dll". Beginning retry 1 in 1000ms. The process cannot access the file 'C:\Github\WWI_ModularKit\src\Host\bin\Debug\net9.0\BuildingBlocks.dll' because it is being used by another process. The file is locked by: "Host (45112)" [C:\Github\WWI_ModularKit\src\Host\Host.csproj]
C:\Program Files\dotnet\sdk\10.0.103\Microsoft.Common.CurrentVersion.targets(5080,5): warning MSB3026: Could not copy "C:\Github\WWI_ModularKit\src\Modules\Sales\Contracts\bin\Debug\net9.0\Contracts.dll" to "bin\Debug\net9.0\Contracts.dll". Beginning retry 1 in 1000ms. The process cannot access the file 'C:\Github\WWI_ModularKit\src\Host\bin\Debug\net9.0\Contracts.dll' because it is being used by another process. The file is locked by: "Host (45112)" [C:\Github\WWI_ModularKit\src\Host\Host.csproj]
C:\Program Files\dotnet\sdk\10.0.103\Microsoft.Common.CurrentVersion.targets(5080,5): warning MSB3026: Could not copy "C:\Github\WWI_ModularKit\src\Modules\Sales\bin\Debug\net9.0\Sales.dll" to "bin\Debug\net9.0\Sales.dll". Beginning retry 1 in 1000ms. The process cannot access the file 'C:\Github\WWI_ModularKit\src\Host\bin\Debug\net9.0\Sales.dll' because it is being used by another process. The file is locked by: "Host (45112)" [C:\Github\WWI_ModularKit\src\Host\Host.csproj]
C:\Program Files\dotnet\sdk\10.0.103\Microsoft.Common.CurrentVersion.targets(5080,5): warning MSB3026: Could not copy "C:\Github\WWI_ModularKit\src\BuildingBlocks\bin\Debug\net9.0\BuildingBlocks.dll" to "bin\Debug\net9.0\BuildingBlocks.dll". Beginning retry 2 in 1000ms. The process cannot access the file 'C:\Github\WWI_ModularKit\src\Host\bin\Debug\net9.0\BuildingBlocks.dll' because it is being used by another process. The file is locked by: "Host (45112)" [C:\Github\WWI_ModularKit\src\Host\Host.csproj]
C:\Program Files\dotnet\sdk\10.0.103\Microsoft.Common.CurrentVersion.targets(5080,5): warning MSB3026: Could not copy "C:\Github\WWI_ModularKit\src\Modules\Sales\bin\Debug\net9.0\Sales.dll" to "bin\Debug\net9.0\Sales.dll". Beginning retry 2 in 1000ms. The process cannot access the file 'C:\Github\WWI_ModularKit\src\Host\bin\Debug\net9.0\Sales.dll' because it is being used by another process. The file is locked by: "Host (45112)" [C:\Github\WWI_ModularKit\src\Host\Host.csproj]
C:\Program Files\dotnet\sdk\10.0.103\Microsoft.Common.CurrentVersion.targets(5080,5): warning MSB3026: Could not copy "C:\Github\WWI_ModularKit\src\Modules\Sales\Contracts\bin\Debug\net9.0\Contracts.dll" to "bin\Debug\net9.0\Contracts.dll". Beginning retry 2 in 1000ms. The process cannot access the file 'C:\Github\WWI_ModularKit\src\Host\bin\Debug\net9.0\Contracts.dll' because it is being used by another process. The file is locked by: "Host (45112)" [C:\Github\WWI_ModularKit\src\Host\Host.csproj]
C:\Program Files\dotnet\sdk\10.0.103\Microsoft.Common.CurrentVersion.targets(5080,5): warning MSB3026: Could not copy "C:\Github\WWI_ModularKit\src\BuildingBlocks\bin\Debug\net9.0\BuildingBlocks.dll" to "bin\Debug\net9.0\BuildingBlocks.dll". Beginning retry 3 in 1000ms. The process cannot access the file 'C:\Github\WWI_ModularKit\src\Host\bin\Debug\net9.0\BuildingBlocks.dll' because it is being used by another process. The file is locked by: "Host (45112)" [C:\Github\WWI_ModularKit\src\Host\Host.csproj]
C:\Program Files\dotnet\sdk\10.0.103\Microsoft.Common.CurrentVersion.targets(5080,5): warning MSB3026: Could not copy "C:\Github\WWI_ModularKit\src\Modules\Sales\Contracts\bin\Debug\net9.0\Contracts.dll" to "bin\Debug\net9.0\Contracts.dll". Beginning retry 3 in 1000ms. The process cannot access the file 'C:\Github\WWI_ModularKit\src\Host\bin\Debug\net9.0\Contracts.dll' because it is being used by another process. The file is locked by: "Host (45112)" [C:\Github\WWI_ModularKit\src\Host\Host.csproj]
C:\Program Files\dotnet\sdk\10.0.103\Microsoft.Common.CurrentVersion.targets(5080,5): warning MSB3026: Could not copy "C:\Github\WWI_ModularKit\src\Modules\Sales\bin\Debug\net9.0\Sales.dll" to "bin\Debug\net9.0\Sales.dll". Beginning retry 3 in 1000ms. The process cannot access the file 'C:\Github\WWI_ModularKit\src\Host\bin\Debug\net9.0\Sales.dll' because it is being used by another process. The file is locked by: "Host (45112)" [C:\Github\WWI_ModularKit\src\Host\Host.csproj]
C:\Program Files\dotnet\sdk\10.0.103\Microsoft.Common.CurrentVersion.targets(5080,5): warning MSB3026: Could not copy "C:\Github\WWI_ModularKit\src\BuildingBlocks\bin\Debug\net9.0\BuildingBlocks.dll" to "bin\Debug\net9.0\BuildingBlocks.dll". Beginning retry 4 in 1000ms. The process cannot access the file 'C:\Github\WWI_ModularKit\src\Host\bin\Debug\net9.0\BuildingBlocks.dll' because it is being used by another process. The file is locked by: "Host (45112)" [C:\Github\WWI_ModularKit\src\Host\Host.csproj]
C:\Program Files\dotnet\sdk\10.0.103\Microsoft.Common.CurrentVersion.targets(5080,5): warning MSB3026: Could not copy "C:\Github\WWI_ModularKit\src\Modules\Sales\Contracts\bin\Debug\net9.0\Contracts.dll" to "bin\Debug\net9.0\Contracts.dll". Beginning retry 4 in 1000ms. The process cannot access the file 'C:\Github\WWI_ModularKit\src\Host\bin\Debug\net9.0\Contracts.dll' because it is being used by another process. The file is locked by: "Host (45112)" [C:\Github\WWI_ModularKit\src\Host\Host.csproj]
C:\Program Files\dotnet\sdk\10.0.103\Microsoft.Common.CurrentVersion.targets(5080,5): warning MSB3026: Could not copy "C:\Github\WWI_ModularKit\src\Modules\Sales\bin\Debug\net9.0\Sales.dll" to "bin\Debug\net9.0\Sales.dll". Beginning retry 4 in 1000ms. The process cannot access the file 'C:\Github\WWI_ModularKit\src\Host\bin\Debug\net9.0\Sales.dll' because it is being used by another process. The file is locked by: "Host (45112)" [C:\Github\WWI_ModularKit\src\Host\Host.csproj]
C:\Program Files\dotnet\sdk\10.0.103\Microsoft.Common.CurrentVersion.targets(5080,5): warning MSB3026: Could not copy "C:\Github\WWI_ModularKit\src\BuildingBlocks\bin\Debug\net9.0\BuildingBlocks.dll" to "bin\Debug\net9.0\BuildingBlocks.dll". Beginning retry 5 in 1000ms. The process cannot access the file 'C:\Github\WWI_ModularKit\src\Host\bin\Debug\net9.0\BuildingBlocks.dll' because it is being used by another process. The file is locked by: "Host (45112)" [C:\Github\WWI_ModularKit\src\Host\Host.csproj]
C:\Program Files\dotnet\sdk\10.0.103\Microsoft.Common.CurrentVersion.targets(5080,5): warning MSB3026: Could not copy "C:\Github\WWI_ModularKit\src\Modules\Sales\bin\Debug\net9.0\Sales.dll" to "bin\Debug\net9.0\Sales.dll". Beginning retry 5 in 1000ms. The process cannot access the file 'C:\Github\WWI_ModularKit\src\Host\bin\Debug\net9.0\Sales.dll' because it is being used by another process. The file is locked by: "Host (45112)" [C:\Github\WWI_ModularKit\src\Host\Host.csproj]
C:\Program Files\dotnet\sdk\10.0.103\Microsoft.Common.CurrentVersion.targets(5080,5): warning MSB3026: Could not copy "C:\Github\WWI_ModularKit\src\Modules\Sales\Contracts\bin\Debug\net9.0\Contracts.dll" to "bin\Debug\net9.0\Contracts.dll". Beginning retry 5 in 1000ms. The process cannot access the file 'C:\Github\WWI_ModularKit\src\Host\bin\Debug\net9.0\Contracts.dll' because it is being used by another process. The file is locked by: "Host (45112)" [C:\Github\WWI_ModularKit\src\Host\Host.csproj]
C:\Program Files\dotnet\sdk\10.0.103\Microsoft.Common.CurrentVersion.targets(5080,5): warning MSB3026: Could not copy "C:\Github\WWI_ModularKit\src\BuildingBlocks\bin\Debug\net9.0\BuildingBlocks.dll" to "bin\Debug\net9.0\BuildingBlocks.dll". Beginning retry 6 in 1000ms. The process cannot access the file 'C:\Github\WWI_ModularKit\src\Host\bin\Debug\net9.0\BuildingBlocks.dll' because it is being used by another process. The file is locked by: "Host (45112)" [C:\Github\WWI_ModularKit\src\Host\Host.csproj]
C:\Program Files\dotnet\sdk\10.0.103\Microsoft.Common.CurrentVersion.targets(5080,5): warning MSB3026: Could not copy "C:\Github\WWI_ModularKit\src\Modules\Sales\Contracts\bin\Debug\net9.0\Contracts.dll" to "bin\Debug\net9.0\Contracts.dll". Beginning retry 6 in 1000ms. The process cannot access the file 'C:\Github\WWI_ModularKit\src\Host\bin\Debug\net9.0\Contracts.dll' because it is being used by another process. The file is locked by: "Host (45112)" [C:\Github\WWI_ModularKit\src\Host\Host.csproj]
C:\Program Files\dotnet\sdk\10.0.103\Microsoft.Common.CurrentVersion.targets(5080,5): warning MSB3026: Could not copy "C:\Github\WWI_ModularKit\src\Modules\Sales\bin\Debug\net9.0\Sales.dll" to "bin\Debug\net9.0\Sales.dll". Beginning retry 6 in 1000ms. The process cannot access the file 'C:\Github\WWI_ModularKit\src\Host\bin\Debug\net9.0\Sales.dll' because it is being used by another process. The file is locked by: "Host (45112)" [C:\Github\WWI_ModularKit\src\Host\Host.csproj]
C:\Program Files\dotnet\sdk\10.0.103\Microsoft.Common.CurrentVersion.targets(5080,5): warning MSB3026: Could not copy "C:\Github\WWI_ModularKit\src\BuildingBlocks\bin\Debug\net9.0\BuildingBlocks.dll" to "bin\Debug\net9.0\BuildingBlocks.dll". Beginning retry 7 in 1000ms. The process cannot access the file 'C:\Github\WWI_ModularKit\src\Host\bin\Debug\net9.0\BuildingBlocks.dll' because it is being used by another process. The file is locked by: "Host (45112)" [C:\Github\WWI_ModularKit\src\Host\Host.csproj]
C:\Program Files\dotnet\sdk\10.0.103\Microsoft.Common.CurrentVersion.targets(5080,5): warning MSB3026: Could not copy "C:\Github\WWI_ModularKit\src\Modules\Sales\Contracts\bin\Debug\net9.0\Contracts.dll" to "bin\Debug\net9.0\Contracts.dll". Beginning retry 7 in 1000ms. The process cannot access the file 'C:\Github\WWI_ModularKit\src\Host\bin\Debug\net9.0\Contracts.dll' because it is being used by another process. The file is locked by: "Host (45112)" [C:\Github\WWI_ModularKit\src\Host\Host.csproj]
C:\Program Files\dotnet\sdk\10.0.103\Microsoft.Common.CurrentVersion.targets(5080,5): warning MSB3026: Could not copy "C:\Github\WWI_ModularKit\src\Modules\Sales\bin\Debug\net9.0\Sales.dll" to "bin\Debug\net9.0\Sales.dll". Beginning retry 7 in 1000ms. The process cannot access the file 'C:\Github\WWI_ModularKit\src\Host\bin\Debug\net9.0\Sales.dll' because it is being used by another process. The file is locked by: "Host (45112)" [C:\Github\WWI_ModularKit\src\Host\Host.csproj]
C:\Program Files\dotnet\sdk\10.0.103\Microsoft.Common.CurrentVersion.targets(5080,5): warning MSB3026: Could not copy "C:\Github\WWI_ModularKit\src\BuildingBlocks\bin\Debug\net9.0\BuildingBlocks.dll" to "bin\Debug\net9.0\BuildingBlocks.dll". Beginning retry 8 in 1000ms. The process cannot access the file 'C:\Github\WWI_ModularKit\src\Host\bin\Debug\net9.0\BuildingBlocks.dll' because it is being used by another process. The file is locked by: "Host (45112)" [C:\Github\WWI_ModularKit\src\Host\Host.csproj]
C:\Program Files\dotnet\sdk\10.0.103\Microsoft.Common.CurrentVersion.targets(5080,5): warning MSB3026: Could not copy "C:\Github\WWI_ModularKit\src\Modules\Sales\Contracts\bin\Debug\net9.0\Contracts.dll" to "bin\Debug\net9.0\Contracts.dll". Beginning retry 8 in 1000ms. The process cannot access the file 'C:\Github\WWI_ModularKit\src\Host\bin\Debug\net9.0\Contracts.dll' because it is being used by another process. The file is locked by: "Host (45112)" [C:\Github\WWI_ModularKit\src\Host\Host.csproj]
C:\Program Files\dotnet\sdk\10.0.103\Microsoft.Common.CurrentVersion.targets(5080,5): warning MSB3026: Could not copy "C:\Github\WWI_ModularKit\src\Modules\Sales\bin\Debug\net9.0\Sales.dll" to "bin\Debug\net9.0\Sales.dll". Beginning retry 8 in 1000ms. The process cannot access the file 'C:\Github\WWI_ModularKit\src\Host\bin\Debug\net9.0\Sales.dll' because it is being used by another process. The file is locked by: "Host (45112)" [C:\Github\WWI_ModularKit\src\Host\Host.csproj]
C:\Program Files\dotnet\sdk\10.0.103\Microsoft.Common.CurrentVersion.targets(5080,5): warning MSB3026: Could not copy "C:\Github\WWI_ModularKit\src\BuildingBlocks\bin\Debug\net9.0\BuildingBlocks.dll" to "bin\Debug\net9.0\BuildingBlocks.dll". Beginning retry 9 in 1000ms. The process cannot access the file 'C:\Github\WWI_ModularKit\src\Host\bin\Debug\net9.0\BuildingBlocks.dll' because it is being used by another process. The file is locked by: "Host (45112)" [C:\Github\WWI_ModularKit\src\Host\Host.csproj]
C:\Program Files\dotnet\sdk\10.0.103\Microsoft.Common.CurrentVersion.targets(5080,5): warning MSB3026: Could not copy "C:\Github\WWI_ModularKit\src\Modules\Sales\Contracts\bin\Debug\net9.0\Contracts.dll" to "bin\Debug\net9.0\Contracts.dll". Beginning retry 9 in 1000ms. The process cannot access the file 'C:\Github\WWI_ModularKit\src\Host\bin\Debug\net9.0\Contracts.dll' because it is being used by another process. The file is locked by: "Host (45112)" [C:\Github\WWI_ModularKit\src\Host\Host.csproj]
C:\Program Files\dotnet\sdk\10.0.103\Microsoft.Common.CurrentVersion.targets(5080,5): warning MSB3026: Could not copy "C:\Github\WWI_ModularKit\src\Modules\Sales\bin\Debug\net9.0\Sales.dll" to "bin\Debug\net9.0\Sales.dll". Beginning retry 9 in 1000ms. The process cannot access the file 'C:\Github\WWI_ModularKit\src\Host\bin\Debug\net9.0\Sales.dll' because it is being used by another process. The file is locked by: "Host (45112)" [C:\Github\WWI_ModularKit\src\Host\Host.csproj]
C:\Program Files\dotnet\sdk\10.0.103\Microsoft.Common.CurrentVersion.targets(5080,5): warning MSB3026: Could not copy "C:\Github\WWI_ModularKit\src\BuildingBlocks\bin\Debug\net9.0\BuildingBlocks.dll" to "bin\Debug\net9.0\BuildingBlocks.dll". Beginning retry 10 in 1000ms. The process cannot access the file 'C:\Github\WWI_ModularKit\src\Host\bin\Debug\net9.0\BuildingBlocks.dll' because it is being used by another process. The file is locked by: "Host (45112)" [C:\Github\WWI_ModularKit\src\Host\Host.csproj]
C:\Program Files\dotnet\sdk\10.0.103\Microsoft.Common.CurrentVersion.targets(5080,5): warning MSB3026: Could not copy "C:\Github\WWI_ModularKit\src\Modules\Sales\Contracts\bin\Debug\net9.0\Contracts.dll" to "bin\Debug\net9.0\Contracts.dll". Beginning retry 10 in 1000ms. The process cannot access the file 'C:\Github\WWI_ModularKit\src\Host\bin\Debug\net9.0\Contracts.dll' because it is being used by another process. The file is locked by: "Host (45112)" [C:\Github\WWI_ModularKit\src\Host\Host.csproj]
C:\Program Files\dotnet\sdk\10.0.103\Microsoft.Common.CurrentVersion.targets(5080,5): warning MSB3026: Could not copy "C:\Github\WWI_ModularKit\src\Modules\Sales\bin\Debug\net9.0\Sales.dll" to "bin\Debug\net9.0\Sales.dll". Beginning retry 10 in 1000ms. The process cannot access the file 'C:\Github\WWI_ModularKit\src\Host\bin\Debug\net9.0\Sales.dll' because it is being used by another process. The file is locked by: "Host (45112)" [C:\Github\WWI_ModularKit\src\Host\Host.csproj]
C:\Program Files\dotnet\sdk\10.0.103\Microsoft.Common.CurrentVersion.targets(5080,5): error MSB3027: Could not copy "C:\Github\WWI_ModularKit\src\BuildingBlocks\bin\Debug\net9.0\BuildingBlocks.dll" to "bin\Debug\net9.0\BuildingBlocks.dll". Exceeded retry count of 10. Failed. The file is locked by: "Host (45112)" [C:\Github\WWI_ModularKit\src\Host\Host.csproj]
C:\Program Files\dotnet\sdk\10.0.103\Microsoft.Common.CurrentVersion.targets(5080,5): error MSB3021: Unable to copy file "C:\Github\WWI_ModularKit\src\BuildingBlocks\bin\Debug\net9.0\BuildingBlocks.dll" to "bin\Debug\net9.0\BuildingBlocks.dll". The process cannot access the file 'C:\Github\WWI_ModularKit\src\Host\bin\Debug\net9.0\BuildingBlocks.dll' because it is being used by another process. [C:\Github\WWI_ModularKit\src\Host\Host.csproj]
C:\Program Files\dotnet\sdk\10.0.103\Microsoft.Common.CurrentVersion.targets(5080,5): error MSB3027: Could not copy "C:\Github\WWI_ModularKit\src\Modules\Sales\Contracts\bin\Debug\net9.0\Contracts.dll" to "bin\Debug\net9.0\Contracts.dll". Exceeded retry count of 10. Failed. The file is locked by: "Host (45112)" [C:\Github\WWI_ModularKit\src\Host\Host.csproj]
C:\Program Files\dotnet\sdk\10.0.103\Microsoft.Common.CurrentVersion.targets(5080,5): error MSB3021: Unable to copy file "C:\Github\WWI_ModularKit\src\Modules\Sales\Contracts\bin\Debug\net9.0\Contracts.dll" to "bin\Debug\net9.0\Contracts.dll". The process cannot access the file 'C:\Github\WWI_ModularKit\src\Host\bin\Debug\net9.0\Contracts.dll' because it is being used by another process. [C:\Github\WWI_ModularKit\src\Host\Host.csproj]
C:\Program Files\dotnet\sdk\10.0.103\Microsoft.Common.CurrentVersion.targets(5080,5): error MSB3027: Could not copy "C:\Github\WWI_ModularKit\src\Modules\Sales\bin\Debug\net9.0\Sales.dll" to "bin\Debug\net9.0\Sales.dll". Exceeded retry count of 10. Failed. The file is locked by: "Host (45112)" [C:\Github\WWI_ModularKit\src\Host\Host.csproj]
C:\Program Files\dotnet\sdk\10.0.103\Microsoft.Common.CurrentVersion.targets(5080,5): error MSB3021: Unable to copy file "C:\Github\WWI_ModularKit\src\Modules\Sales\bin\Debug\net9.0\Sales.dll" to "bin\Debug\net9.0\Sales.dll". The process cannot access the file 'C:\Github\WWI_ModularKit\src\Host\bin\Debug\net9.0\Sales.dll' because it is being used by another process. [C:\Github\WWI_ModularKit\src\Host\Host.csproj]

Build FAILED.

C:\Program Files\dotnet\sdk\10.0.103\Microsoft.Common.CurrentVersion.targets(5080,5): warning MSB3026: Could not copy "C:\Github\WWI_ModularKit\src\BuildingBlocks\bin\Debug\net9.0\BuildingBlocks.dll" to "bin\Debug\net9.0\BuildingBlocks.dll". Beginning retry 1 in 1000ms. The process cannot access the file 'C:\Github\WWI_ModularKit\src\Host\bin\Debug\net9.0\BuildingBlocks.dll' because it is being used by another process. The file is locked by: "Host (45112)" [C:\Github\WWI_ModularKit\src\Host\Host.csproj]
C:\Program Files\dotnet\sdk\10.0.103\Microsoft.Common.CurrentVersion.targets(5080,5): warning MSB3026: Could not copy "C:\Github\WWI_ModularKit\src\Modules\Sales\Contracts\bin\Debug\net9.0\Contracts.dll" to "bin\Debug\net9.0\Contracts.dll". Beginning retry 1 in 1000ms. The process cannot access the file 'C:\Github\WWI_ModularKit\src\Host\bin\Debug\net9.0\Contracts.dll' because it is being used by another process. The file is locked by: "Host (45112)" [C:\Github\WWI_ModularKit\src\Host\Host.csproj]
C:\Program Files\dotnet\sdk\10.0.103\Microsoft.Common.CurrentVersion.targets(5080,5): warning MSB3026: Could not copy "C:\Github\WWI_ModularKit\src\Modules\Sales\bin\Debug\net9.0\Sales.dll" to "bin\Debug\net9.0\Sales.dll". Beginning retry 1 in 1000ms. The process cannot access the file 'C:\Github\WWI_ModularKit\src\Host\bin\Debug\net9.0\Sales.dll' because it is being used by another process. The file is locked by: "Host (45112)" [C:\Github\WWI_ModularKit\src\Host\Host.csproj]
C:\Program Files\dotnet\sdk\10.0.103\Microsoft.Common.CurrentVersion.targets(5080,5): warning MSB3026: Could not copy "C:\Github\WWI_ModularKit\src\BuildingBlocks\bin\Debug\net9.0\BuildingBlocks.dll" to "bin\Debug\net9.0\BuildingBlocks.dll". Beginning retry 2 in 1000ms. The process cannot access the file 'C:\Github\WWI_ModularKit\src\Host\bin\Debug\net9.0\BuildingBlocks.dll' because it is being used by another process. The file is locked by: "Host (45112)" [C:\Github\WWI_ModularKit\src\Host\Host.csproj]
C:\Program Files\dotnet\sdk\10.0.103\Microsoft.Common.CurrentVersion.targets(5080,5): warning MSB3026: Could not copy "C:\Github\WWI_ModularKit\src\Modules\Sales\bin\Debug\net9.0\Sales.dll" to "bin\Debug\net9.0\Sales.dll". Beginning retry 2 in 1000ms. The process cannot access the file 'C:\Github\WWI_ModularKit\src\Host\bin\Debug\net9.0\Sales.dll' because it is being used by another process. The file is locked by: "Host (45112)" [C:\Github\WWI_ModularKit\src\Host\Host.csproj]
C:\Program Files\dotnet\sdk\10.0.103\Microsoft.Common.CurrentVersion.targets(5080,5): warning MSB3026: Could not copy "C:\Github\WWI_ModularKit\src\Modules\Sales\Contracts\bin\Debug\net9.0\Contracts.dll" to "bin\Debug\net9.0\Contracts.dll". Beginning retry 2 in 1000ms. The process cannot access the file 'C:\Github\WWI_ModularKit\src\Host\bin\Debug\net9.0\Contracts.dll' because it is being used by another process. The file is locked by: "Host (45112)" [C:\Github\WWI_ModularKit\src\Host\Host.csproj]
C:\Program Files\dotnet\sdk\10.0.103\Microsoft.Common.CurrentVersion.targets(5080,5): warning MSB3026: Could not copy "C:\Github\WWI_ModularKit\src\BuildingBlocks\bin\Debug\net9.0\BuildingBlocks.dll" to "bin\Debug\net9.0\BuildingBlocks.dll". Beginning retry 3 in 1000ms. The process cannot access the file 'C:\Github\WWI_ModularKit\src\Host\bin\Debug\net9.0\BuildingBlocks.dll' because it is being used by another process. The file is locked by: "Host (45112)" [C:\Github\WWI_ModularKit\src\Host\Host.csproj]
C:\Program Files\dotnet\sdk\10.0.103\Microsoft.Common.CurrentVersion.targets(5080,5): warning MSB3026: Could not copy "C:\Github\WWI_ModularKit\src\Modules\Sales\Contracts\bin\Debug\net9.0\Contracts.dll" to "bin\Debug\net9.0\Contracts.dll". Beginning retry 3 in 1000ms. The process cannot access the file 'C:\Github\WWI_ModularKit\src\Host\bin\Debug\net9.0\Contracts.dll' because it is being used by another process. The file is locked by: "Host (45112)" [C:\Github\WWI_ModularKit\src\Host\Host.csproj]
C:\Program Files\dotnet\sdk\10.0.103\Microsoft.Common.CurrentVersion.targets(5080,5): warning MSB3026: Could not copy "C:\Github\WWI_ModularKit\src\Modules\Sales\bin\Debug\net9.0\Sales.dll" to "bin\Debug\net9.0\Sales.dll". Beginning retry 3 in 1000ms. The process cannot access the file 'C:\Github\WWI_ModularKit\src\Host\bin\Debug\net9.0\Sales.dll' because it is being used by another process. The file is locked by: "Host (45112)" [C:\Github\WWI_ModularKit\src\Host\Host.csproj]
C:\Program Files\dotnet\sdk\10.0.103\Microsoft.Common.CurrentVersion.targets(5080,5): warning MSB3026: Could not copy "C:\Github\WWI_ModularKit\src\BuildingBlocks\bin\Debug\net9.0\BuildingBlocks.dll" to "bin\Debug\net9.0\BuildingBlocks.dll". Beginning retry 4 in 1000ms. The process cannot access the file 'C:\Github\WWI_ModularKit\src\Host\bin\Debug\net9.0\BuildingBlocks.dll' because it is being used by another process. The file is locked by: "Host (45112)" [C:\Github\WWI_ModularKit\src\Host\Host.csproj]
C:\Program Files\dotnet\sdk\10.0.103\Microsoft.Common.CurrentVersion.targets(5080,5): warning MSB3026: Could not copy "C:\Github\WWI_ModularKit\src\Modules\Sales\Contracts\bin\Debug\net9.0\Contracts.dll" to "bin\Debug\net9.0\Contracts.dll". Beginning retry 4 in 1000ms. The process cannot access the file 'C:\Github\WWI_ModularKit\src\Host\bin\Debug\net9.0\Contracts.dll' because it is being used by another process. The file is locked by: "Host (45112)" [C:\Github\WWI_ModularKit\src\Host\Host.csproj]
C:\Program Files\dotnet\sdk\10.0.103\Microsoft.Common.CurrentVersion.targets(5080,5): warning MSB3026: Could not copy "C:\Github\WWI_ModularKit\src\Modules\Sales\bin\Debug\net9.0\Sales.dll" to "bin\Debug\net9.0\Sales.dll". Beginning retry 4 in 1000ms. The process cannot access the file 'C:\Github\WWI_ModularKit\src\Host\bin\Debug\net9.0\Sales.dll' because it is being used by another process. The file is locked by: "Host (45112)" [C:\Github\WWI_ModularKit\src\Host\Host.csproj]
C:\Program Files\dotnet\sdk\10.0.103\Microsoft.Common.CurrentVersion.targets(5080,5): warning MSB3026: Could not copy "C:\Github\WWI_ModularKit\src\BuildingBlocks\bin\Debug\net9.0\BuildingBlocks.dll" to "bin\Debug\net9.0\BuildingBlocks.dll". Beginning retry 5 in 1000ms. The process cannot access the file 'C:\Github\WWI_ModularKit\src\Host\bin\Debug\net9.0\BuildingBlocks.dll' because it is being used by another process. The file is locked by: "Host (45112)" [C:\Github\WWI_ModularKit\src\Host\Host.csproj]
C:\Program Files\dotnet\sdk\10.0.103\Microsoft.Common.CurrentVersion.targets(5080,5): warning MSB3026: Could not copy "C:\Github\WWI_ModularKit\src\Modules\Sales\bin\Debug\net9.0\Sales.dll" to "bin\Debug\net9.0\Sales.dll". Beginning retry 5 in 1000ms. The process cannot access the file 'C:\Github\WWI_ModularKit\src\Host\bin\Debug\net9.0\Sales.dll' because it is being used by another process. The file is locked by: "Host (45112)" [C:\Github\WWI_ModularKit\src\Host\Host.csproj]
C:\Program Files\dotnet\sdk\10.0.103\Microsoft.Common.CurrentVersion.targets(5080,5): warning MSB3026: Could not copy "C:\Github\WWI_ModularKit\src\Modules\Sales\Contracts\bin\Debug\net9.0\Contracts.dll" to "bin\Debug\net9.0\Contracts.dll". Beginning retry 5 in 1000ms. The process cannot access the file 'C:\Github\WWI_ModularKit\src\Host\bin\Debug\net9.0\Contracts.dll' because it is being used by another process. The file is locked by: "Host (45112)" [C:\Github\WWI_ModularKit\src\Host\Host.csproj]
C:\Program Files\dotnet\sdk\10.0.103\Microsoft.Common.CurrentVersion.targets(5080,5): warning MSB3026: Could not copy "C:\Github\WWI_ModularKit\src\BuildingBlocks\bin\Debug\net9.0\BuildingBlocks.dll" to "bin\Debug\net9.0\BuildingBlocks.dll". Beginning retry 6 in 1000ms. The process cannot access the file 'C:\Github\WWI_ModularKit\src\Host\bin\Debug\net9.0\BuildingBlocks.dll' because it is being used by another process. The file is locked by: "Host (45112)" [C:\Github\WWI_ModularKit\src\Host\Host.csproj]
C:\Program Files\dotnet\sdk\10.0.103\Microsoft.Common.CurrentVersion.targets(5080,5): warning MSB3026: Could not copy "C:\Github\WWI_ModularKit\src\Modules\Sales\Contracts\bin\Debug\net9.0\Contracts.dll" to "bin\Debug\net9.0\Contracts.dll". Beginning retry 6 in 1000ms. The process cannot access the file 'C:\Github\WWI_ModularKit\src\Host\bin\Debug\net9.0\Contracts.dll' because it is being used by another process. The file is locked by: "Host (45112)" [C:\Github\WWI_ModularKit\src\Host\Host.csproj]
C:\Program Files\dotnet\sdk\10.0.103\Microsoft.Common.CurrentVersion.targets(5080,5): warning MSB3026: Could not copy "C:\Github\WWI_ModularKit\src\Modules\Sales\bin\Debug\net9.0\Sales.dll" to "bin\Debug\net9.0\Sales.dll". Beginning retry 6 in 1000ms. The process cannot access the file 'C:\Github\WWI_ModularKit\src\Host\bin\Debug\net9.0\Sales.dll' because it is being used by another process. The file is locked by: "Host (45112)" [C:\Github\WWI_ModularKit\src\Host\Host.csproj]
C:\Program Files\dotnet\sdk\10.0.103\Microsoft.Common.CurrentVersion.targets(5080,5): warning MSB3026: Could not copy "C:\Github\WWI_ModularKit\src\BuildingBlocks\bin\Debug\net9.0\BuildingBlocks.dll" to "bin\Debug\net9.0\BuildingBlocks.dll". Beginning retry 7 in 1000ms. The process cannot access the file 'C:\Github\WWI_ModularKit\src\Host\bin\Debug\net9.0\BuildingBlocks.dll' because it is being used by another process. The file is locked by: "Host (45112)" [C:\Github\WWI_ModularKit\src\Host\Host.csproj]
C:\Program Files\dotnet\sdk\10.0.103\Microsoft.Common.CurrentVersion.targets(5080,5): warning MSB3026: Could not copy "C:\Github\WWI_ModularKit\src\Modules\Sales\Contracts\bin\Debug\net9.0\Contracts.dll" to "bin\Debug\net9.0\Contracts.dll". Beginning retry 7 in 1000ms. The process cannot access the file 'C:\Github\WWI_ModularKit\src\Host\bin\Debug\net9.0\Contracts.dll' because it is being used by another process. The file is locked by: "Host (45112)" [C:\Github\WWI_ModularKit\src\Host\Host.csproj]
C:\Program Files\dotnet\sdk\10.0.103\Microsoft.Common.CurrentVersion.targets(5080,5): warning MSB3026: Could not copy "C:\Github\WWI_ModularKit\src\Modules\Sales\bin\Debug\net9.0\Sales.dll" to "bin\Debug\net9.0\Sales.dll". Beginning retry 7 in 1000ms. The process cannot access the file 'C:\Github\WWI_ModularKit\src\Host\bin\Debug\net9.0\Sales.dll' because it is being used by another process. The file is locked by: "Host (45112)" [C:\Github\WWI_ModularKit\src\Host\Host.csproj]
C:\Program Files\dotnet\sdk\10.0.103\Microsoft.Common.CurrentVersion.targets(5080,5): warning MSB3026: Could not copy "C:\Github\WWI_ModularKit\src\BuildingBlocks\bin\Debug\net9.0\BuildingBlocks.dll" to "bin\Debug\net9.0\BuildingBlocks.dll". Beginning retry 8 in 1000ms. The process cannot access the file 'C:\Github\WWI_ModularKit\src\Host\bin\Debug\net9.0\BuildingBlocks.dll' because it is being used by another process. The file is locked by: "Host (45112)" [C:\Github\WWI_ModularKit\src\Host\Host.csproj]
C:\Program Files\dotnet\sdk\10.0.103\Microsoft.Common.CurrentVersion.targets(5080,5): warning MSB3026: Could not copy "C:\Github\WWI_ModularKit\src\Modules\Sales\Contracts\bin\Debug\net9.0\Contracts.dll" to "bin\Debug\net9.0\Contracts.dll". Beginning retry 8 in 1000ms. The process cannot access the file 'C:\Github\WWI_ModularKit\src\Host\bin\Debug\net9.0\Contracts.dll' because it is being used by another process. The file is locked by: "Host (45112)" [C:\Github\WWI_ModularKit\src\Host\Host.csproj]
C:\Program Files\dotnet\sdk\10.0.103\Microsoft.Common.CurrentVersion.targets(5080,5): warning MSB3026: Could not copy "C:\Github\WWI_ModularKit\src\Modules\Sales\bin\Debug\net9.0\Sales.dll" to "bin\Debug\net9.0\Sales.dll". Beginning retry 8 in 1000ms. The process cannot access the file 'C:\Github\WWI_ModularKit\src\Host\bin\Debug\net9.0\Sales.dll' because it is being used by another process. The file is locked by: "Host (45112)" [C:\Github\WWI_ModularKit\src\Host\Host.csproj]
C:\Program Files\dotnet\sdk\10.0.103\Microsoft.Common.CurrentVersion.targets(5080,5): warning MSB3026: Could not copy "C:\Github\WWI_ModularKit\src\BuildingBlocks\bin\Debug\net9.0\BuildingBlocks.dll" to "bin\Debug\net9.0\BuildingBlocks.dll". Beginning retry 9 in 1000ms. The process cannot access the file 'C:\Github\WWI_ModularKit\src\Host\bin\Debug\net9.0\BuildingBlocks.dll' because it is being used by another process. The file is locked by: "Host (45112)" [C:\Github\WWI_ModularKit\src\Host\Host.csproj]
C:\Program Files\dotnet\sdk\10.0.103\Microsoft.Common.CurrentVersion.targets(5080,5): warning MSB3026: Could not copy "C:\Github\WWI_ModularKit\src\Modules\Sales\Contracts\bin\Debug\net9.0\Contracts.dll" to "bin\Debug\net9.0\Contracts.dll". Beginning retry 9 in 1000ms. The process cannot access the file 'C:\Github\WWI_ModularKit\src\Host\bin\Debug\net9.0\Contracts.dll' because it is being used by another process. The file is locked by: "Host (45112)" [C:\Github\WWI_ModularKit\src\Host\Host.csproj]
C:\Program Files\dotnet\sdk\10.0.103\Microsoft.Common.CurrentVersion.targets(5080,5): warning MSB3026: Could not copy "C:\Github\WWI_ModularKit\src\Modules\Sales\bin\Debug\net9.0\Sales.dll" to "bin\Debug\net9.0\Sales.dll". Beginning retry 9 in 1000ms. The process cannot access the file 'C:\Github\WWI_ModularKit\src\Host\bin\Debug\net9.0\Sales.dll' because it is being used by another process. The file is locked by: "Host (45112)" [C:\Github\WWI_ModularKit\src\Host\Host.csproj]
C:\Program Files\dotnet\sdk\10.0.103\Microsoft.Common.CurrentVersion.targets(5080,5): warning MSB3026: Could not copy "C:\Github\WWI_ModularKit\src\BuildingBlocks\bin\Debug\net9.0\BuildingBlocks.dll" to "bin\Debug\net9.0\BuildingBlocks.dll". Beginning retry 10 in 1000ms. The process cannot access the file 'C:\Github\WWI_ModularKit\src\Host\bin\Debug\net9.0\BuildingBlocks.dll' because it is being used by another process. The file is locked by: "Host (45112)" [C:\Github\WWI_ModularKit\src\Host\Host.csproj]
C:\Program Files\dotnet\sdk\10.0.103\Microsoft.Common.CurrentVersion.targets(5080,5): warning MSB3026: Could not copy "C:\Github\WWI_ModularKit\src\Modules\Sales\Contracts\bin\Debug\net9.0\Contracts.dll" to "bin\Debug\net9.0\Contracts.dll". Beginning retry 10 in 1000ms. The process cannot access the file 'C:\Github\WWI_ModularKit\src\Host\bin\Debug\net9.0\Contracts.dll' because it is being used by another process. The file is locked by: "Host (45112)" [C:\Github\WWI_ModularKit\src\Host\Host.csproj]
C:\Program Files\dotnet\sdk\10.0.103\Microsoft.Common.CurrentVersion.targets(5080,5): warning MSB3026: Could not copy "C:\Github\WWI_ModularKit\src\Modules\Sales\bin\Debug\net9.0\Sales.dll" to "bin\Debug\net9.0\Sales.dll". Beginning retry 10 in 1000ms. The process cannot access the file 'C:\Github\WWI_ModularKit\src\Host\bin\Debug\net9.0\Sales.dll' because it is being used by another process. The file is locked by: "Host (45112)" [C:\Github\WWI_ModularKit\src\Host\Host.csproj]
C:\Program Files\dotnet\sdk\10.0.103\Microsoft.Common.CurrentVersion.targets(5080,5): error MSB3027: Could not copy "C:\Github\WWI_ModularKit\src\BuildingBlocks\bin\Debug\net9.0\BuildingBlocks.dll" to "bin\Debug\net9.0\BuildingBlocks.dll". Exceeded retry count of 10. Failed. The file is locked by: "Host (45112)" [C:\Github\WWI_ModularKit\src\Host\Host.csproj]
C:\Program Files\dotnet\sdk\10.0.103\Microsoft.Common.CurrentVersion.targets(5080,5): error MSB3021: Unable to copy file "C:\Github\WWI_ModularKit\src\BuildingBlocks\bin\Debug\net9.0\BuildingBlocks.dll" to "bin\Debug\net9.0\BuildingBlocks.dll". The process cannot access the file 'C:\Github\WWI_ModularKit\src\Host\bin\Debug\net9.0\BuildingBlocks.dll' because it is being used by another process. [C:\Github\WWI_ModularKit\src\Host\Host.csproj]
C:\Program Files\dotnet\sdk\10.0.103\Microsoft.Common.CurrentVersion.targets(5080,5): error MSB3027: Could not copy "C:\Github\WWI_ModularKit\src\Modules\Sales\Contracts\bin\Debug\net9.0\Contracts.dll" to "bin\Debug\net9.0\Contracts.dll". Exceeded retry count of 10. Failed. The file is locked by: "Host (45112)" [C:\Github\WWI_ModularKit\src\Host\Host.csproj]
C:\Program Files\dotnet\sdk\10.0.103\Microsoft.Common.CurrentVersion.targets(5080,5): error MSB3021: Unable to copy file "C:\Github\WWI_ModularKit\src\Modules\Sales\Contracts\bin\Debug\net9.0\Contracts.dll" to "bin\Debug\net9.0\Contracts.dll". The process cannot access the file 'C:\Github\WWI_ModularKit\src\Host\bin\Debug\net9.0\Contracts.dll' because it is being used by another process. [C:\Github\WWI_ModularKit\src\Host\Host.csproj]
C:\Program Files\dotnet\sdk\10.0.103\Microsoft.Common.CurrentVersion.targets(5080,5): error MSB3027: Could not copy "C:\Github\WWI_ModularKit\src\Modules\Sales\bin\Debug\net9.0\Sales.dll" to "bin\Debug\net9.0\Sales.dll". Exceeded retry count of 10. Failed. The file is locked by: "Host (45112)" [C:\Github\WWI_ModularKit\src\Host\Host.csproj]
C:\Program Files\dotnet\sdk\10.0.103\Microsoft.Common.CurrentVersion.targets(5080,5): error MSB3021: Unable to copy file "C:\Github\WWI_ModularKit\src\Modules\Sales\bin\Debug\net9.0\Sales.dll" to "bin\Debug\net9.0\Sales.dll". The process cannot access the file 'C:\Github\WWI_ModularKit\src\Host\bin\Debug\net9.0\Sales.dll' because it is being used by another process. [C:\Github\WWI_ModularKit\src\Host\Host.csproj]
    30 Warning(s)
    6 Error(s)

Time Elapsed 00:00:13.79
